> Task :gradle-plugin:settings-plugin:checkKotlinGradlePluginConfigurationErrors SKIPPED
> Task :gradle-plugin:shared:checkKotlinGradlePluginConfigurationErrors SKIPPED
> Task :gradle-plugin:shared:compileKotlin UP-TO-DATE
> Task :gradle-plugin:shared:compileJava NO-SOURCE
> Task :gradle-plugin:shared:processResources NO-SOURCE
> Task :gradle-plugin:shared:classes UP-TO-DATE
> Task :gradle-plugin:shared:jar UP-TO-DATE
> Task :gradle-plugin:settings-plugin:compileKotlin UP-TO-DATE
> Task :gradle-plugin:settings-plugin:compileJava NO-SOURCE
> Task :gradle-plugin:settings-plugin:pluginDescriptors UP-TO-DATE
> Task :gradle-plugin:settings-plugin:processResources UP-TO-DATE
> Task :gradle-plugin:settings-plugin:classes UP-TO-DATE
> Task :gradle-plugin:settings-plugin:jar UP-TO-DATE
> Task :gradle-plugin:react-native-gradle-plugin:checkKotlinGradlePluginConfigurationErrors SKIPPED
> Task :gradle-plugin:react-native-gradle-plugin:compileKotlin UP-TO-DATE
> Task :gradle-plugin:react-native-gradle-plugin:compileJava NO-SOURCE
> Task :gradle-plugin:react-native-gradle-plugin:pluginDescriptors UP-TO-DATE
> Task :gradle-plugin:react-native-gradle-plugin:processResources UP-TO-DATE
> Task :gradle-plugin:react-native-gradle-plugin:classes UP-TO-DATE
> Task :gradle-plugin:react-native-gradle-plugin:jar UP-TO-DATE

> Task :app:createBundleReleaseJsAndAssets

                        ΓûÆΓûÆΓûôΓûôΓûôΓûôΓûÆΓûÆ
                     ΓûÆΓûôΓûôΓûôΓûÆΓûÆΓûæΓûæΓûÆΓûÆΓûôΓûôΓûôΓûÆ
                  ΓûÆΓûôΓûôΓûôΓûôΓûæΓûæΓûæΓûÆΓûÆΓûÆΓûÆΓûæΓûæΓûæΓûôΓûôΓûôΓûôΓûÆ
                 ΓûôΓûôΓûÆΓûÆΓûÆΓûôΓûôΓûôΓûôΓûôΓûôΓûôΓûôΓûôΓûôΓûôΓûôΓûÆΓûÆΓûÆΓûôΓûô
                 ΓûôΓûôΓûæΓûæΓûæΓûæΓûæΓûÆΓûôΓûôΓûôΓûôΓûôΓûôΓûÆΓûæΓûæΓûæΓûæΓûæΓûôΓûô
                 ΓûôΓûôΓûæΓûæΓûôΓûôΓûÆΓûæΓûæΓûæΓûÆΓûÆΓûæΓûæΓûæΓûÆΓûôΓûÆΓûæΓûæΓûôΓûô
                 ΓûôΓûôΓûæΓûæΓûôΓûôΓûôΓûôΓûôΓûÆΓûÆΓûÆΓûÆΓûôΓûôΓûôΓûôΓûÆΓûæΓûæΓûôΓûô
                 ΓûôΓûôΓûæΓûæΓûôΓûôΓûôΓûôΓûôΓûôΓûôΓûôΓûôΓûôΓûôΓûôΓûôΓûÆΓûæΓûæΓûôΓûô
                 ΓûôΓûôΓûÆΓûæΓûæΓûÆΓûÆΓûôΓûôΓûôΓûôΓûôΓûôΓûôΓûôΓûÆΓûæΓûæΓûæΓûÆΓûôΓûô
                  ΓûÆΓûôΓûôΓûôΓûÆΓûæΓûæΓûæΓûÆΓûôΓûôΓûÆΓûæΓûæΓûæΓûÆΓûôΓûôΓûôΓûÆ
                     ΓûÆΓûôΓûôΓûôΓûÆΓûæΓûæΓûæΓûæΓûÆΓûôΓûôΓûôΓûÆ
                        ΓûÆΓûÆΓûôΓûôΓûôΓûôΓûÆΓûÆ


 WARN  the transform cache was reset.
                Welcome to Metro v0.83.4
              Fast - Scalable - Integrated


LOG:Writing bundle output to: android\app\build\generated\assets\react\release\index.android.bundle
LOG:Writing sourcemap output to: android\app\build\intermediates\sourcemaps\react\release\index.android.bundle.packager.map
LOG:Done writing bundle output
LOG:Done writing sourcemap output
Copying 20 asset files
Done copying assets

> Task :app:createBundleReleaseJsAndAssets FAILED

[Incubating] Problems report is available at: file:///E:/STPL/RMS-App/android/build/reports/problems/problems-report.html
.\gradlew.bat : 
At line:1 char:1
+ .\gradlew.bat :app:createBun
dleReleaseJsAndAssets > 
E:\STPL\RMS-App\b ...
+ ~~~~~~~~~~~~~~~~~~~~~~~~~~~~
~~~~~~~~~~~~~~~~~~~~~~~~~~~~~~
~~~~~~~~~~~
    + CategoryInfo          : 
    NotSpecified: (:String)   
  [], RemoteException
    + FullyQualifiedErrorId : 
    NativeCommandError
 
FAILURE: Build failed with an 
exception.

* What went wrong:
Execution failed for task ':ap
p:createBundleReleaseJsAndAsse
ts'.
> Couldn't determine Hermesc 
location. Please set 
`react.hermesCommand` to the 
path of the hermesc binary 
file. node_modules/react-nativ
e/sdks/hermesc/%OS-BIN%/hermes
c

* Try:
> Run with --stacktrace 
option to get the stack trace.
> Run with --info or --debug 
option to get more log output.
> Run with --scan to generate 
a Build Scan (Powered by 
Develocity).
> Get more help at 
https://help.gradle.org.

Deprecated Gradle features were used in this build, making it incompatible with Gradle 10.

You can use '--warning-mode all' to show the individual deprecation warnings and determine if they come from your own scripts or plugins.

For more on this, please refer to https://docs.gradle.org/9.0.0/userguide/command_line_interface.html#sec:command_line_warnings in the Gradle documentation.

BUILD FAILED in 49s
11 actionable tasks: 1 executed, 10 up-to-date
